---
source: tui-markdown/src/lib.rs
expression: text
---
Example of Inline code
