---
source: tui-markdown/src/lib.rs
expression: unhiglighted_code
---
```rust
fn main() {
    println!("Hello, unhighlighted code!");
}
```
